Dec 16 14:06:31 localhost kernel: Linux version 6.13.0-thor_kernel-imarushe-g267549b8ce58 (root@imarushe) (gcc (GCC) 14.2.0, GNU ld (GNU Binutils) 2.43.1) #2 SMP PREEMPT_DYNAMIC Mon Dec 16 13:50:40 CET 2024
Dec 16 14:06:31 localhost kernel: Command line: BOOT_IMAGE=/vmlinuz-6.13.0-thor_kernel-imarushe root=/dev/sda4 ro
Dec 16 14:06:31 localhost kernel: BIOS-provided physical RAM map:
Dec 16 14:06:31 localhost kernel: BIOS-e820: [mem 0x0000000000000000-0x000000000009fbff] usable
Dec 16 14:06:31 localhost kernel: BIOS-e820: [mem 0x000000000009fc00-0x000000000009ffff] reserved
Dec 16 14:06:31 localhost kernel: BIOS-e820: [mem 0x00000000000f0000-0x00000000000fffff] reserved
Dec 16 14:06:31 localhost kernel: BIOS-e820: [mem 0x0000000000100000-0x00000000dffeffff] usable
Dec 16 14:06:31 localhost kernel: BIOS-e820: [mem 0x00000000dfff0000-0x00000000dfffffff] ACPI data
Dec 16 14:06:31 localhost kernel: BIOS-e820: [mem 0x00000000fec00000-0x00000000fec00fff] reserved
Dec 16 14:06:31 localhost kernel: BIOS-e820: [mem 0x00000000fee00000-0x00000000fee00fff] reserved
Dec 16 14:06:31 localhost kernel: BIOS-e820: [mem 0x00000000fffc0000-0x00000000ffffffff] reserved
Dec 16 14:06:31 localhost kernel: BIOS-e820: [mem 0x0000000100000000-0x000000021fffffff] usable
Dec 16 14:06:31 localhost kernel: NX (Execute Disable) protection: active
Dec 16 14:06:31 localhost kernel: APIC: Static calls initialized
Dec 16 14:06:31 localhost kernel: SMBIOS 2.5 present.
Dec 16 14:06:31 localhost kernel: DMI: innotek GmbH VirtualBox/VirtualBox, BIOS VirtualBox 12/01/2006
Dec 16 14:06:31 localhost kernel: DMI: Memory slots populated: 0/0
Dec 16 14:06:31 localhost kernel: Hypervisor detected: KVM
Dec 16 14:06:31 localhost kernel: kvm-clock: Using msrs 4b564d01 and 4b564d00
Dec 16 14:06:31 localhost kernel: kvm-clock: using sched offset of 7938619964 cycles
Dec 16 14:06:31 localhost kernel: clocksource: kvm-clock: mask: 0xffffffffffffffff max_cycles: 0x1cd42e4dffb, max_idle_ns: 881590591483 ns
Dec 16 14:06:31 localhost kernel: tsc: Detected 2687.998 MHz processor
Dec 16 14:06:31 localhost kernel: e820: update [mem 0x00000000-0x00000fff] usable ==> reserved
Dec 16 14:06:31 localhost kernel: e820: remove [mem 0x000a0000-0x000fffff] usable
Dec 16 14:06:31 localhost kernel: last_pfn = 0x220000 max_arch_pfn = 0x400000000
Dec 16 14:06:31 localhost kernel: MTRR map: 6 entries (3 fixed + 3 variable; max 35), built from 16 variable MTRRs
Dec 16 14:06:31 localhost kernel: x86/PAT: Configuration [0-7]: WB  WC  UC- UC  WB  WP  UC- WT  
Dec 16 14:06:31 localhost kernel: e820: update [mem 0xe0000000-0xffffffff] usable ==> reserved
Dec 16 14:06:31 localhost kernel: last_pfn = 0xe0000 max_arch_pfn = 0x400000000
Dec 16 14:06:31 localhost kernel: found SMP MP-table at [mem 0x0009fbf0-0x0009fbff]
Dec 16 14:06:31 localhost kernel: Incomplete global flushes, disabling PCID
Dec 16 14:06:31 localhost kernel: ACPI: Early table checksum verification disabled
Dec 16 14:06:31 localhost kernel: ACPI: RSDP 0x00000000000E0000 000024 (v02 VBOX  )
Dec 16 14:06:31 localhost kernel: ACPI: XSDT 0x00000000DFFF0030 00003C (v01 VBOX   VBOXXSDT 00000001 ASL  00000061)
Dec 16 14:06:31 localhost kernel: ACPI: FACP 0x00000000DFFF00F0 0000F4 (v04 VBOX   VBOXFACP 00000001 ASL  00000061)
Dec 16 14:06:31 localhost kernel: ACPI: DSDT 0x00000000DFFF0610 002353 (v02 VBOX   VBOXBIOS 00000002 INTL 20230628)
Dec 16 14:06:31 localhost kernel: ACPI: FACS 0x00000000DFFF0200 000040
Dec 16 14:06:31 localhost last message buffered 1 times
Dec 16 14:06:31 localhost kernel: ACPI: APIC 0x00000000DFFF0240 000054 (v02 VBOX   VBOXAPIC 00000001 ASL  00000061)
Dec 16 14:06:31 localhost kernel: ACPI: SSDT 0x00000000DFFF02A0 00036C (v01 VBOX   VBOXCPUT 00000002 INTL 20230628)
Dec 16 14:06:31 localhost kernel: ACPI: Reserving FACP table memory at [mem 0xdfff00f0-0xdfff01e3]
Dec 16 14:06:31 localhost kernel: ACPI: Reserving DSDT table memory at [mem 0xdfff0610-0xdfff2962]
Dec 16 14:06:31 localhost kernel: ACPI: Reserving FACS table memory at [mem 0xdfff0200-0xdfff023f]
Dec 16 14:06:31 localhost last message buffered 1 times
Dec 16 14:06:31 localhost kernel: ACPI: Reserving APIC table memory at [mem 0xdfff0240-0xdfff0293]
Dec 16 14:06:31 localhost kernel: ACPI: Reserving SSDT table memory at [mem 0xdfff02a0-0xdfff060b]
Dec 16 14:06:31 localhost kernel: No NUMA configuration found
Dec 16 14:06:31 localhost kernel: Faking a node at [mem 0x0000000000000000-0x000000021fffffff]
Dec 16 14:06:31 localhost kernel: NODE_DATA(0) allocated [mem 0x21fff8940-0x21fffbfff]
Dec 16 14:06:31 localhost kernel: Zone ranges:
Dec 16 14:06:31 localhost kernel:   DMA      [mem 0x0000000000001000-0x0000000000ffffff]
Dec 16 14:06:31 localhost kernel:   DMA32    [mem 0x0000000001000000-0x00000000ffffffff]
Dec 16 14:06:31 localhost kernel:   Normal   [mem 0x0000000100000000-0x000000021fffffff]
Dec 16 14:06:31 localhost kernel: Movable zone start for each node
Dec 16 14:06:31 localhost kernel: Early memory node ranges
Dec 16 14:06:31 localhost kernel:   node   0: [mem 0x0000000000001000-0x000000000009efff]
Dec 16 14:06:31 localhost kernel:   node   0: [mem 0x0000000000100000-0x00000000dffeffff]
Dec 16 14:06:31 localhost kernel:   node   0: [mem 0x0000000100000000-0x000000021fffffff]
Dec 16 14:06:31 localhost kernel: Initmem setup node 0 [mem 0x0000000000001000-0x000000021fffffff]
Dec 16 14:06:31 localhost kernel: On node 0, zone DMA: 1 pages in unavailable ranges
Dec 16 14:06:31 localhost kernel: On node 0, zone DMA: 97 pages in unavailable ranges
Dec 16 14:06:31 localhost kernel: On node 0, zone Normal: 16 pages in unavailable ranges
Dec 16 14:06:31 localhost kernel: ACPI: PM-Timer IO Port: 0x4008
Dec 16 14:06:31 localhost kernel: IOAPIC[0]: apic_id 1, version 32, address 0xfec00000, GSI 0-23
Dec 16 14:06:31 localhost kernel: ACPI: INT_SRC_OVR (bus 0 bus_irq 0 global_irq 2 dfl dfl)
Dec 16 14:06:31 localhost kernel: ACPI: INT_SRC_OVR (bus 0 bus_irq 9 global_irq 9 low level)
Dec 16 14:06:31 localhost kernel: ACPI: Using ACPI (MADT) for SMP configuration information
Dec 16 14:06:31 localhost kernel: CPU topo: Max. logical packages:   1
Dec 16 14:06:31 localhost kernel: CPU topo: Max. logical dies:       1
Dec 16 14:06:31 localhost kernel: CPU topo: Max. dies per package:   1
Dec 16 14:06:31 localhost kernel: CPU topo: Max. threads per core:   1
Dec 16 14:06:31 localhost kernel: CPU topo: Num. cores per package:     1
Dec 16 14:06:31 localhost kernel: CPU topo: Num. threads per package:   1
Dec 16 14:06:31 localhost kernel: CPU topo: Allowing 1 present CPUs plus 0 hotplug CPUs
Dec 16 14:06:31 localhost kernel: PM: hibernation: Registered nosave memory: [mem 0x00000000-0x00000fff]
Dec 16 14:06:31 localhost kernel: PM: hibernation: Registered nosave memory: [mem 0x0009f000-0x0009ffff]
Dec 16 14:06:31 localhost kernel: PM: hibernation: Registered nosave memory: [mem 0x000a0000-0x000effff]
Dec 16 14:06:31 localhost kernel: PM: hibernation: Registered nosave memory: [mem 0x000f0000-0x000fffff]
Dec 16 14:06:31 localhost kernel: PM: hibernation: Registered nosave memory: [mem 0xdfff0000-0xdfffffff]
Dec 16 14:06:31 localhost kernel: PM: hibernation: Registered nosave memory: [mem 0xe0000000-0xfebfffff]
Dec 16 14:06:31 localhost kernel: PM: hibernation: Registered nosave memory: [mem 0xfec00000-0xfec00fff]
Dec 16 14:06:31 localhost kernel: PM: hibernation: Registered nosave memory: [mem 0xfec01000-0xfedfffff]
Dec 16 14:06:31 localhost kernel: PM: hibernation: Registered nosave memory: [mem 0xfee00000-0xfee00fff]
Dec 16 14:06:31 localhost kernel: PM: hibernation: Registered nosave memory: [mem 0xfee01000-0xfffbffff]
Dec 16 14:06:31 localhost kernel: PM: hibernation: Registered nosave memory: [mem 0xfffc0000-0xffffffff]
Dec 16 14:06:31 localhost kernel: [mem 0xe0000000-0xfebfffff] available for PCI devices
Dec 16 14:06:31 localhost kernel: Booting paravirtualized kernel on KVM
Dec 16 14:06:31 localhost kernel: clocksource: refined-jiffies: mask: 0xffffffff max_cycles: 0xffffffff, max_idle_ns: 1910969940391419 ns
Dec 16 14:06:31 localhost kernel: setup_percpu: NR_CPUS:64 nr_cpumask_bits:1 nr_cpu_ids:1 nr_node_ids:1
Dec 16 14:06:31 localhost kernel: percpu: Embedded 56 pages/cpu s191512 r8192 d29672 u2097152
Dec 16 14:06:31 localhost kernel: pcpu-alloc: s191512 r8192 d29672 u2097152 alloc=1*2097152
Dec 16 14:06:31 localhost kernel: pcpu-alloc: [0] 0 
Dec 16 14:06:31 localhost kernel: Kernel command line: BOOT_IMAGE=/vmlinuz-6.13.0-thor_kernel-imarushe root=/dev/sda4 ro
Dec 16 14:06:31 localhost kernel: Unknown kernel command line parameters "BOOT_IMAGE=/vmlinuz-6.13.0-thor_kernel-imarushe", will be passed to user space.
Dec 16 14:06:31 localhost kernel: random: crng init done
Dec 16 14:06:31 localhost kernel: printk: log buffer data + meta data: 262144 + 917504 = 1179648 bytes
Dec 16 14:06:31 localhost kernel: Dentry cache hash table entries: 1048576 (order: 11, 8388608 bytes, linear)
Dec 16 14:06:31 localhost kernel: Inode-cache hash table entries: 524288 (order: 10, 4194304 bytes, linear)
Dec 16 14:06:31 localhost kernel: Fallback order for Node 0: 0 
Dec 16 14:06:31 localhost kernel: Built 1 zonelists, mobility grouping on.  Total pages: 2097038
Dec 16 14:06:31 localhost kernel: Policy zone: Normal
Dec 16 14:06:31 localhost kernel: mem auto-init: stack:all(zero), heap alloc:off, heap free:off
Dec 16 14:06:31 localhost kernel: software IO TLB: area num 1.
Dec 16 14:06:31 localhost kernel: SLUB: HWalign=64, Order=0-3, MinObjects=0, CPUs=1, Nodes=1
Dec 16 14:06:31 localhost kernel: Kernel/User page tables isolation: enabled
Dec 16 14:06:31 localhost kernel: Dynamic Preempt: voluntary
Dec 16 14:06:31 localhost kernel: rcu: Preemptible hierarchical RCU implementation.
Dec 16 14:06:31 localhost kernel: rcu: \x09RCU event tracing is enabled.
Dec 16 14:06:31 localhost kernel: rcu: \x09RCU restricting CPUs from NR_CPUS=64 to nr_cpu_ids=1.
Dec 16 14:06:31 localhost kernel: \x09Trampoline variant of Tasks RCU enabled.
Dec 16 14:06:31 localhost kernel: \x09Tracing variant of Tasks RCU enabled.
Dec 16 14:06:31 localhost kernel: rcu: RCU calculated value of scheduler-enlistment delay is 100 jiffies.
Dec 16 14:06:31 localhost kernel: rcu: Adjusting geometry for rcu_fanout_leaf=16, nr_cpu_ids=1
Dec 16 14:06:31 localhost kernel: RCU Tasks: Setting shift to 0 and lim to 1 rcu_task_cb_adjust=1 rcu_task_cpu_ids=1.
Dec 16 14:06:31 localhost kernel: RCU Tasks Trace: Setting shift to 0 and lim to 1 rcu_task_cb_adjust=1 rcu_task_cpu_ids=1.
Dec 16 14:06:31 localhost kernel: NR_IRQS: 4352, nr_irqs: 256, preallocated irqs: 16
Dec 16 14:06:31 localhost kernel: rcu: srcu_init: Setting srcu_struct sizes based on contention.
Dec 16 14:06:31 localhost kernel: Console: colour dummy device 80x25
Dec 16 14:06:31 localhost kernel: printk: legacy console [tty0] enabled
Dec 16 14:06:31 localhost kernel: ACPI: Core revision 20240827
Dec 16 14:06:31 localhost kernel: APIC: Switch to symmetric I/O mode setup
Dec 16 14:06:31 localhost kernel: x2apic enabled
Dec 16 14:06:31 localhost kernel: APIC: Switched APIC routing to: physical x2apic
Dec 16 14:06:31 localhost kernel: ..TIMER: vector=0x30 apic1=0 pin1=2 apic2=-1 pin2=-1
Dec 16 14:06:31 localhost kernel: clocksource: tsc-early: mask: 0xffffffffffffffff max_cycles: 0x26bef4a354e, max_idle_ns: 440795213564 ns
Dec 16 14:06:31 localhost kernel: Calibrating delay loop (skipped) preset value.. 5375.99 BogoMIPS (lpj=2687998)
Dec 16 14:06:31 localhost kernel: Last level iTLB entries: 4KB 0, 2MB 0, 4MB 0
Dec 16 14:06:31 localhost kernel: Last level dTLB entries: 4KB 0, 2MB 0, 4MB 0, 1GB 0
Dec 16 14:06:31 localhost kernel: process: using mwait in idle threads
Dec 16 14:06:31 localhost kernel: Spectre V1 : Mitigation: usercopy/swapgs barriers and __user pointer sanitization
Dec 16 14:06:31 localhost kernel: Spectre V2 : Mitigation: Retpolines
Dec 16 14:06:31 localhost kernel: Spectre V2 : Spectre v2 / SpectreRSB mitigation: Filling RSB on context switch
Dec 16 14:06:31 localhost kernel: Spectre V2 : Spectre v2 / SpectreRSB : Filling RSB on VMEXIT
Dec 16 14:06:31 localhost kernel: Speculative Store Bypass: Vulnerable
Dec 16 14:06:31 localhost kernel: MDS: Mitigation: Clear CPU buffers
Dec 16 14:06:31 localhost kernel: Register File Data Sampling: Vulnerable: No microcode
Dec 16 14:06:31 localhost kernel: x86/fpu: Supporting XSAVE feature 0x001: 'x87 floating point registers'
Dec 16 14:06:31 localhost kernel: x86/fpu: Supporting XSAVE feature 0x002: 'SSE registers'
Dec 16 14:06:31 localhost kernel: x86/fpu: Supporting XSAVE feature 0x004: 'AVX registers'
Dec 16 14:06:31 localhost kernel: x86/fpu: xstate_offset[2]:  576, xstate_sizes[2]:  256
Dec 16 14:06:31 localhost kernel: x86/fpu: Enabled xstate features 0x7, context size is 832 bytes, using 'standard' format.
Dec 16 14:06:31 localhost kernel: Freeing SMP alternatives memory: 48K
Dec 16 14:06:31 localhost kernel: pid_max: default: 32768 minimum: 301
Dec 16 14:06:31 localhost kernel: LSM: initializing lsm=capability,selinux
Dec 16 14:06:31 localhost kernel: SELinux:  Initializing.
Dec 16 14:06:31 localhost kernel: Mount-cache hash table entries: 16384 (order: 5, 131072 bytes, linear)
Dec 16 14:06:31 localhost kernel: Mountpoint-cache hash table entries: 16384 (order: 5, 131072 bytes, linear)
Dec 16 14:06:31 localhost kernel: smpboot: CPU0: 12th Gen Intel(R) Core(TM) i7-1265U (family: 0x6, model: 0x9a, stepping: 0x4)
Dec 16 14:06:31 localhost kernel: Performance Events: unsupported p6 CPU model 154 no PMU driver, software events only.
Dec 16 14:06:31 localhost kernel: signal: max sigframe size: 1776
Dec 16 14:06:31 localhost kernel: rcu: Hierarchical SRCU implementation.
Dec 16 14:06:31 localhost kernel: rcu: \x09Max phase no-delay instances is 400.
Dec 16 14:06:31 localhost kernel: smp: Bringing up secondary CPUs ...
Dec 16 14:06:31 localhost kernel: smp: Brought up 1 node, 1 CPU
Dec 16 14:06:31 localhost kernel: smpboot: Total of 1 processors activated (5375.99 BogoMIPS)
Dec 16 14:06:31 localhost kernel: Memory: 8134880K/8388152K available (18432K kernel code, 2872K rwdata, 7220K rodata, 2740K init, 860K bss, 249532K reserved, 0K cma-reserved)
Dec 16 14:06:31 localhost kernel: devtmpfs: initialized
Dec 16 14:06:31 localhost kernel: clocksource: jiffies: mask: 0xffffffff max_cycles: 0xffffffff, max_idle_ns: 1911260446275000 ns
Dec 16 14:06:31 localhost kernel: futex hash table entries: 256 (order: 2, 16384 bytes, linear)
Dec 16 14:06:31 localhost kernel: PM: RTC time: 13:06:31, date: 2024-12-16
Dec 16 14:06:31 localhost kernel: NET: Registered PF_NETLINK/PF_ROUTE protocol family
Dec 16 14:06:31 localhost kernel: audit: initializing netlink subsys (disabled)
Dec 16 14:06:31 localhost kernel: audit: type=2000 audit(1734354400.748:1): state=initialized audit_enabled=0 res=1
Dec 16 14:06:31 localhost kernel: thermal_sys: Registered thermal governor 'step_wise'
Dec 16 14:06:31 localhost kernel: thermal_sys: Registered thermal governor 'user_space'
Dec 16 14:06:31 localhost kernel: cpuidle: using governor menu
Dec 16 14:06:31 localhost kernel: PCI: Using configuration type 1 for base access
Dec 16 14:06:31 localhost kernel: kprobes: kprobe jump-optimization is enabled. All kprobes are optimized if possible.
Dec 16 14:06:31 localhost kernel: HugeTLB: registered 2.00 MiB page size, pre-allocated 0 pages
Dec 16 14:06:31 localhost kernel: HugeTLB: 28 KiB vmemmap can be freed for a 2.00 MiB page
Dec 16 14:06:31 localhost kernel: ACPI: Added _OSI(Module Device)
Dec 16 14:06:31 localhost kernel: ACPI: Added _OSI(Processor Device)
Dec 16 14:06:31 localhost kernel: ACPI: Added _OSI(3.0 _SCP Extensions)
Dec 16 14:06:31 localhost kernel: ACPI: Added _OSI(Processor Aggregator Device)
Dec 16 14:06:31 localhost kernel: ACPI: 2 ACPI AML tables successfully acquired and loaded
Dec 16 14:06:31 localhost kernel: ACPI: Interpreter enabled
Dec 16 14:06:31 localhost kernel: ACPI: PM: (supports S0 S5)
Dec 16 14:06:31 localhost kernel: ACPI: Using IOAPIC for interrupt routing
Dec 16 14:06:31 localhost kernel: PCI: Using host bridge windows from ACPI; if necessary, use "pci=nocrs" and report a bug
Dec 16 14:06:31 localhost kernel: PCI: Using E820 reservations for host bridge windows
Dec 16 14:06:31 localhost kernel: ACPI: Enabled 2 GPEs in block 00 to 07
Dec 16 14:06:31 localhost kernel: ACPI: PCI Root Bridge [PCI0] (domain 0000 [bus 00-ff])
Dec 16 14:06:31 localhost kernel: acpi PNP0A03:00: _OSC: OS supports [ASPM ClockPM Segments MSI HPX-Type3]
Dec 16 14:06:31 localhost kernel: acpi PNP0A03:00: _OSC: not requesting OS control; OS requires [ExtendedConfig ASPM ClockPM MSI]
Dec 16 14:06:31 localhost kernel: acpi PNP0A03:00: fail to add MMCONFIG information, can't access extended configuration space under this bridge
Dec 16 14:06:31 localhost kernel: PCI host bridge to bus 0000:00
Dec 16 14:06:31 localhost kernel: pci_bus 0000:00: root bus resource [io  0x0000-0x0cf7 window]
Dec 16 14:06:31 localhost kernel: pci_bus 0000:00: root bus resource [io  0x0d00-0xffff window]
Dec 16 14:06:31 localhost kernel: pci_bus 0000:00: root bus resource [mem 0x000a0000-0x000bffff window]
Dec 16 14:06:31 localhost kernel: pci_bus 0000:00: root bus resource [mem 0xe0000000-0xfdffffff window]
Dec 16 14:06:31 localhost kernel: pci_bus 0000:00: root bus resource [bus 00-ff]
Dec 16 14:06:31 localhost kernel: pci 0000:00:00.0: [8086:1237] type 00 class 0x060000 conventional PCI endpoint
Dec 16 14:06:31 localhost kernel: pci 0000:00:01.0: [8086:7000] type 00 class 0x060100 conventional PCI endpoint
Dec 16 14:06:31 localhost kernel: pci 0000:00:01.1: [8086:7111] type 00 class 0x01018a conventional PCI endpoint
Dec 16 14:06:31 localhost kernel: pci 0000:00:01.1: BAR 4 [io  0xd000-0xd00f]
Dec 16 14:06:31 localhost kernel: pci 0000:00:01.1: BAR 0 [io  0x01f0-0x01f7]: legacy IDE quirk
Dec 16 14:06:31 localhost kernel: pci 0000:00:01.1: BAR 1 [io  0x03f6]: legacy IDE quirk
Dec 16 14:06:31 localhost kernel: pci 0000:00:01.1: BAR 2 [io  0x0170-0x0177]: legacy IDE quirk
Dec 16 14:06:31 localhost kernel: pci 0000:00:01.1: BAR 3 [io  0x0376]: legacy IDE quirk
Dec 16 14:06:31 localhost kernel: pci 0000:00:02.0: [80ee:beef] type 00 class 0x030000 conventional PCI endpoint
Dec 16 14:06:31 localhost kernel: pci 0000:00:02.0: BAR 0 [mem 0xe0000000-0xe0ffffff pref]
Dec 16 14:06:31 localhost kernel: pci 0000:00:02.0: BAR 1 [io  0xd010-0xd01f]
Dec 16 14:06:31 localhost kernel: pci 0000:00:02.0: BAR 2 [mem 0xf0000000-0xf01fffff]
Dec 16 14:06:31 localhost kernel: pci 0000:00:02.0: Video device with shadowed ROM at [mem 0x000c0000-0x000dffff]
Dec 16 14:06:31 localhost kernel: pci 0000:00:03.0: [8086:100e] type 00 class 0x020000 conventional PCI endpoint
Dec 16 14:06:31 localhost kernel: pci 0000:00:03.0: BAR 0 [mem 0xf0200000-0xf021ffff]
Dec 16 14:06:31 localhost kernel: pci 0000:00:03.0: BAR 2 [io  0xd020-0xd027]
Dec 16 14:06:31 localhost kernel: pci 0000:00:04.0: [80ee:cafe] type 00 class 0x088000 conventional PCI endpoint
Dec 16 14:06:31 localhost kernel: pci 0000:00:04.0: BAR 0 [io  0xd040-0xd05f]
Dec 16 14:06:31 localhost kernel: pci 0000:00:04.0: BAR 1 [mem 0xf0400000-0xf07fffff]
Dec 16 14:06:31 localhost kernel: pci 0000:00:04.0: BAR 2 [mem 0xf0800000-0xf0803fff pref]
Dec 16 14:06:31 localhost kernel: pci 0000:00:05.0: [8086:2415] type 00 class 0x040100 conventional PCI endpoint
Dec 16 14:06:31 localhost kernel: pci 0000:00:05.0: BAR 0 [io  0xd100-0xd1ff]
Dec 16 14:06:31 localhost kernel: pci 0000:00:05.0: BAR 1 [io  0xd200-0xd23f]
Dec 16 14:06:31 localhost kernel: pci 0000:00:06.0: [106b:003f] type 00 class 0x0c0310 conventional PCI endpoint
Dec 16 14:06:31 localhost kernel: pci 0000:00:06.0: BAR 0 [mem 0xf0804000-0xf0804fff]
Dec 16 14:06:31 localhost kernel: pci 0000:00:07.0: [8086:7113] type 00 class 0x068000 conventional PCI endpoint
Dec 16 14:06:31 localhost kernel: pci 0000:00:07.0: quirk: [io  0x4000-0x403f] claimed by PIIX4 ACPI
Dec 16 14:06:31 localhost kernel: pci 0000:00:07.0: quirk: [io  0x4100-0x410f] claimed by PIIX4 SMB
Dec 16 14:06:31 localhost kernel: pci 0000:00:0b.0: [8086:265c] type 00 class 0x0c0320 conventional PCI endpoint
Dec 16 14:06:31 localhost kernel: pci 0000:00:0b.0: BAR 0 [mem 0xf0805000-0xf0805fff]
Dec 16 14:06:31 localhost kernel: pci 0000:00:0d.0: [8086:2829] type 00 class 0x010601 conventional PCI endpoint
Dec 16 14:06:31 localhost kernel: pci 0000:00:0d.0: BAR 0 [io  0xd240-0xd247]
Dec 16 14:06:31 localhost kernel: pci 0000:00:0d.0: BAR 1 [io  0xd248-0xd24b]
Dec 16 14:06:31 localhost kernel: pci 0000:00:0d.0: BAR 2 [io  0xd250-0xd257]
Dec 16 14:06:31 localhost kernel: pci 0000:00:0d.0: BAR 3 [io  0xd258-0xd25b]
Dec 16 14:06:31 localhost kernel: pci 0000:00:0d.0: BAR 4 [io  0xd260-0xd26f]
Dec 16 14:06:31 localhost kernel: pci 0000:00:0d.0: BAR 5 [mem 0xf0806000-0xf0807fff]
Dec 16 14:06:31 localhost kernel: ACPI: PCI: Interrupt link LNKA configured for IRQ 11
Dec 16 14:06:31 localhost kernel: ACPI: PCI: Interrupt link LNKB configured for IRQ 10
Dec 16 14:06:31 localhost kernel: ACPI: PCI: Interrupt link LNKC configured for IRQ 9
Dec 16 14:06:31 localhost kernel: ACPI: PCI: Interrupt link LNKD configured for IRQ 11
Dec 16 14:06:31 localhost kernel: iommu: Default domain type: Translated
Dec 16 14:06:31 localhost kernel: iommu: DMA domain TLB invalidation policy: lazy mode
Dec 16 14:06:31 localhost kernel: SCSI subsystem initialized
Dec 16 14:06:31 localhost kernel: libata version 3.00 loaded.
Dec 16 14:06:31 localhost kernel: ACPI: bus type USB registered
Dec 16 14:06:31 localhost kernel: usbcore: registered new interface driver usbfs
Dec 16 14:06:31 localhost kernel: usbcore: registered new interface driver hub
Dec 16 14:06:31 localhost kernel: usbcore: registered new device driver usb
Dec 16 14:06:31 localhost kernel: pps_core: LinuxPPS API ver. 1 registered
Dec 16 14:06:31 localhost kernel: pps_core: Software ver. 5.3.6 - Copyright 2005-2007 Rodolfo Giometti <giometti@linux.it>
Dec 16 14:06:31 localhost kernel: PTP clock support registered
Dec 16 14:06:31 localhost kernel: Advanced Linux Sound Architecture Driver Initialized.
Dec 16 14:06:31 localhost kernel: NetLabel: Initializing
Dec 16 14:06:31 localhost kernel: NetLabel:  domain hash size = 128
Dec 16 14:06:31 localhost kernel: NetLabel:  protocols = UNLABELED CIPSOv4 CALIPSO
Dec 16 14:06:31 localhost kernel: NetLabel:  unlabeled traffic allowed by default
Dec 16 14:06:31 localhost kernel: PCI: Using ACPI for IRQ routing
Dec 16 14:06:31 localhost kernel: PCI: pci_cache_line_size set to 64 bytes
Dec 16 14:06:31 localhost kernel: e820: reserve RAM buffer [mem 0x0009fc00-0x0009ffff]
Dec 16 14:06:31 localhost kernel: e820: reserve RAM buffer [mem 0xdfff0000-0xdfffffff]
Dec 16 14:06:31 localhost kernel: pci 0000:00:02.0: vgaarb: setting as boot VGA device
Dec 16 14:06:31 localhost kernel: pci 0000:00:02.0: vgaarb: bridge control possible
Dec 16 14:06:31 localhost kernel: pci 0000:00:02.0: vgaarb: VGA device added: decodes=io+mem,owns=io+mem,locks=none
Dec 16 14:06:31 localhost kernel: vgaarb: loaded
Dec 16 14:06:31 localhost kernel: clocksource: Switched to clocksource kvm-clock
Dec 16 14:06:31 localhost kernel: VFS: Disk quotas dquot_6.6.0
Dec 16 14:06:31 localhost kernel: VFS: Dquot-cache hash table entries: 512 (order 0, 4096 bytes)
Dec 16 14:06:31 localhost kernel: pnp: PnP ACPI init
Dec 16 14:06:31 localhost kernel: pnp: PnP ACPI: found 2 devices
Dec 16 14:06:31 localhost kernel: clocksource: acpi_pm: mask: 0xffffff max_cycles: 0xffffff, max_idle_ns: 2085701024 ns
Dec 16 14:06:31 localhost kernel: NET: Registered PF_INET protocol family
Dec 16 14:06:31 localhost kernel: IP idents hash table entries: 131072 (order: 8, 1048576 bytes, linear)
Dec 16 14:06:31 localhost kernel: tcp_listen_portaddr_hash hash table entries: 4096 (order: 4, 65536 bytes, linear)
Dec 16 14:06:31 localhost kernel: Table-perturb hash table entries: 65536 (order: 6, 262144 bytes, linear)
Dec 16 14:06:31 localhost kernel: TCP established hash table entries: 65536 (order: 7, 524288 bytes, linear)
Dec 16 14:06:31 localhost kernel: TCP bind hash table entries: 65536 (order: 9, 2097152 bytes, linear)
Dec 16 14:06:31 localhost kernel: TCP: Hash tables configured (established 65536 bind 65536)
Dec 16 14:06:31 localhost kernel: UDP hash table entries: 4096 (order: 6, 262144 bytes, linear)
Dec 16 14:06:31 localhost kernel: UDP-Lite hash table entries: 4096 (order: 6, 262144 bytes, linear)
Dec 16 14:06:31 localhost kernel: NET: Registered PF_UNIX/PF_LOCAL protocol family
Dec 16 14:06:31 localhost kernel: RPC: Registered named UNIX socket transport module.
Dec 16 14:06:31 localhost kernel: RPC: Registered udp transport module.
Dec 16 14:06:31 localhost kernel: RPC: Registered tcp transport module.
Dec 16 14:06:31 localhost kernel: RPC: Registered tcp-with-tls transport module.
Dec 16 14:06:31 localhost kernel: RPC: Registered tcp NFSv4.1 backchannel transport module.
Dec 16 14:06:31 localhost kernel: pci_bus 0000:00: resource 4 [io  0x0000-0x0cf7 window]
Dec 16 14:06:31 localhost kernel: pci_bus 0000:00: resource 5 [io  0x0d00-0xffff window]
Dec 16 14:06:31 localhost kernel: pci_bus 0000:00: resource 6 [mem 0x000a0000-0x000bffff window]
Dec 16 14:06:31 localhost kernel: pci_bus 0000:00: resource 7 [mem 0xe0000000-0xfdffffff window]
Dec 16 14:06:31 localhost kernel: pci 0000:00:00.0: Limiting direct PCI/PCI transfers
Dec 16 14:06:31 localhost kernel: PCI: CLS 0 bytes, default 64
Dec 16 14:06:31 localhost kernel: PCI-DMA: Using software bounce buffering for IO (SWIOTLB)
Dec 16 14:06:31 localhost kernel: software IO TLB: mapped [mem 0x00000000dbff0000-0x00000000dfff0000] (64MB)
Dec 16 14:06:31 localhost kernel: RAPL PMU: API unit is 2^-32 Joules, 0 fixed counters, 10737418240 ms ovfl timer
Dec 16 14:06:31 localhost kernel: clocksource: tsc: mask: 0xffffffffffffffff max_cycles: 0x26bef4a354e, max_idle_ns: 440795213564 ns
Dec 16 14:06:31 localhost kernel: clocksource: Switched to clocksource tsc
Dec 16 14:06:31 localhost kernel: platform rtc_cmos: registered platform RTC device (no PNP device found)
Dec 16 14:06:31 localhost kernel: Initialise system trusted keyrings
Dec 16 14:06:31 localhost kernel: workingset: timestamp_bits=40 max_order=21 bucket_order=0
Dec 16 14:06:31 localhost kernel: NFS: Registering the id_resolver key type
Dec 16 14:06:31 localhost kernel: Key type id_resolver registered
Dec 16 14:06:31 localhost kernel: Key type id_legacy registered
Dec 16 14:06:31 localhost kernel: 9p: Installing v9fs 9p2000 file system support
Dec 16 14:06:31 localhost kernel: Key type asymmetric registered
Dec 16 14:06:31 localhost kernel: Asymmetric key parser 'x509' registered
Dec 16 14:06:31 localhost kernel: Block layer SCSI generic (bsg) driver version 0.4 loaded (major 251)
Dec 16 14:06:31 localhost kernel: io scheduler mq-deadline registered
Dec 16 14:06:31 localhost kernel: io scheduler kyber registered
Dec 16 14:06:31 localhost kernel: ACPI: AC: AC Adapter [AC] (on-line)
Dec 16 14:06:31 localhost kernel: input: Power Button as /devices/LNXSYSTM:00/LNXPWRBN:00/input/input0
Dec 16 14:06:31 localhost kernel: ACPI: button: Power Button [PWRF]
Dec 16 14:06:31 localhost kernel: input: Sleep Button as /devices/LNXSYSTM:00/LNXSLPBN:00/input/input1
Dec 16 14:06:31 localhost kernel: ACPI: button: Sleep Button [SLPF]
Dec 16 14:06:31 localhost kernel: ACPI: video: Video Device [GFX0] (multi-head: yes  rom: no  post: no)
Dec 16 14:06:31 localhost kernel: input: Video Bus as /devices/LNXSYSTM:00/LNXSYBUS:00/PNP0A03:00/LNXVIDEO:00/input/input2
Dec 16 14:06:31 localhost kernel: ACPI: battery: Slot [BAT0] (battery present)
Dec 16 14:06:31 localhost kernel: Serial: 8250/16550 driver, 4 ports, IRQ sharing enabled
Dec 16 14:06:31 localhost kernel: Non-volatile memory driver v1.3
Dec 16 14:06:31 localhost kernel: Linux agpgart interface v0.103
Dec 16 14:06:31 localhost kernel: ACPI: bus type drm_connector registered
Dec 16 14:06:31 localhost kernel: loop: module loaded
Dec 16 14:06:31 localhost kernel: ahci 0000:00:0d.0: version 3.0
Dec 16 14:06:31 localhost kernel: ahci 0000:00:0d.0: SSS flag set, parallel bus scan disabled
Dec 16 14:06:31 localhost kernel: ahci 0000:00:0d.0: AHCI vers 0001.0100, 32 command slots, 3 Gbps, SATA mode
Dec 16 14:06:31 localhost kernel: ahci 0000:00:0d.0: 1/1 ports implemented (port mask 0x1)
Dec 16 14:06:31 localhost kernel: ahci 0000:00:0d.0: flags: 64bit ncq stag only ccc 
Dec 16 14:06:31 localhost kernel: scsi host0: ahci
Dec 16 14:06:31 localhost kernel: ata1: SATA max UDMA/133 abar m8192@0xf0806000 port 0xf0806100 irq 21 lpm-pol 0
Dec 16 14:06:31 localhost kernel: ata_piix 0000:00:01.1: version 2.13
Dec 16 14:06:31 localhost kernel: scsi host1: ata_piix
Dec 16 14:06:31 localhost kernel: scsi host2: ata_piix
Dec 16 14:06:31 localhost kernel: ata2: PATA max UDMA/33 cmd 0x1f0 ctl 0x3f6 bmdma 0xd000 irq 14 lpm-pol 0
Dec 16 14:06:31 localhost kernel: ata3: PATA max UDMA/33 cmd 0x170 ctl 0x376 bmdma 0xd008 irq 15 lpm-pol 0
Dec 16 14:06:31 localhost kernel: e100: Intel(R) PRO/100 Network Driver
Dec 16 14:06:31 localhost kernel: e100: Copyright(c) 1999-2006 Intel Corporation
Dec 16 14:06:31 localhost kernel: e1000: Intel(R) PRO/1000 Network Driver
Dec 16 14:06:31 localhost kernel: e1000: Copyright (c) 1999-2006 Intel Corporation.
Dec 16 14:06:31 localhost kernel: ata3.00: ATAPI: VBOX CD-ROM, 1.0, max UDMA/133
Dec 16 14:06:31 localhost kernel: ata1: SATA link up 3.0 Gbps (SStatus 123 SControl 300)
Dec 16 14:06:31 localhost kernel: ata1.00: ATA-6: VBOX HARDDISK, 1.0, max UDMA/133
Dec 16 14:06:31 localhost kernel: ata1.00: 52428800 sectors, multi 128: LBA48 NCQ (depth 32)
Dec 16 14:06:31 localhost kernel: ata1.00: configured for UDMA/133
Dec 16 14:06:31 localhost kernel: scsi 0:0:0:0: Direct-Access     ATA      VBOX HARDDISK    1.0  PQ: 0 ANSI: 5
Dec 16 14:06:31 localhost kernel: scsi 0:0:0:0: Attached scsi generic sg0 type 0
Dec 16 14:06:31 localhost kernel: sd 0:0:0:0: [sda] 52428800 512-byte logical blocks: (26.8 GB/25.0 GiB)
Dec 16 14:06:31 localhost kernel: sd 0:0:0:0: [sda] Write Protect is off
Dec 16 14:06:31 localhost kernel: sd 0:0:0:0: [sda] Mode Sense: 00 3a 00 00
Dec 16 14:06:31 localhost kernel: sd 0:0:0:0: [sda] Write cache: enabled, read cache: enabled, doesn't support DPO or FUA
Dec 16 14:06:31 localhost kernel: sd 0:0:0:0: [sda] Preferred minimum I/O size 512 bytes
Dec 16 14:06:31 localhost kernel: e1000 0000:00:03.0 eth0: (PCI:33MHz:32-bit) 08:00:27:c0:ce:96
Dec 16 14:06:31 localhost kernel: e1000 0000:00:03.0 eth0: Intel(R) PRO/1000 Network Connection
Dec 16 14:06:31 localhost kernel: e1000e: Intel(R) PRO/1000 Network Driver
Dec 16 14:06:31 localhost kernel: e1000e: Copyright(c) 1999 - 2015 Intel Corporation.
Dec 16 14:06:31 localhost kernel: sky2: driver version 1.30
Dec 16 14:06:31 localhost kernel: ehci-pci 0000:00:0b.0: EHCI Host Controller
Dec 16 14:06:31 localhost kernel: ehci-pci 0000:00:0b.0: new USB bus registered, assigned bus number 1
Dec 16 14:06:31 localhost kernel: ehci-pci 0000:00:0b.0: irq 19, io mem 0xf0805000
Dec 16 14:06:31 localhost kernel: scsi 2:0:0:0: CD-ROM            VBOX     CD-ROM           1.0  PQ: 0 ANSI: 5
Dec 16 14:06:31 localhost kernel:  sda: sda1 sda2 sda3 sda4
Dec 16 14:06:31 localhost kernel: sr 2:0:0:0: [sr0] scsi3-mmc drive: 32x/32x xa/form2 tray
Dec 16 14:06:31 localhost kernel: cdrom: Uniform CD-ROM driver Revision: 3.20
Dec 16 14:06:31 localhost kernel: sd 0:0:0:0: [sda] Attached SCSI disk
Dec 16 14:06:31 localhost kernel: ehci-pci 0000:00:0b.0: USB 2.0 started, EHCI 1.00
Dec 16 14:06:31 localhost kernel: usb usb1: New USB device found, idVendor=1d6b, idProduct=0002, bcdDevice= 6.13
Dec 16 14:06:31 localhost kernel: usb usb1: New USB device strings: Mfr=3, Product=2, SerialNumber=1
Dec 16 14:06:31 localhost kernel: usb usb1: Product: EHCI Host Controller
Dec 16 14:06:31 localhost kernel: usb usb1: Manufacturer: Linux 6.13.0-thor_kernel-imarushe-g267549b8ce58 ehci_hcd
Dec 16 14:06:31 localhost kernel: usb usb1: SerialNumber: 0000:00:0b.0
Dec 16 14:06:31 localhost kernel: hub 1-0:1.0: USB hub found
Dec 16 14:06:31 localhost kernel: hub 1-0:1.0: 12 ports detected
Dec 16 14:06:31 localhost kernel: ohci-pci 0000:00:06.0: OHCI PCI host controller
Dec 16 14:06:31 localhost kernel: ohci-pci 0000:00:06.0: new USB bus registered, assigned bus number 2
Dec 16 14:06:31 localhost kernel: ohci-pci 0000:00:06.0: irq 22, io mem 0xf0804000
Dec 16 14:06:31 localhost kernel: sr 2:0:0:0: Attached scsi CD-ROM sr0
Dec 16 14:06:31 localhost kernel: sr 2:0:0:0: Attached scsi generic sg1 type 5
Dec 16 14:06:31 localhost kernel: usb usb2: New USB device found, idVendor=1d6b, idProduct=0001, bcdDevice= 6.13
Dec 16 14:06:31 localhost kernel: usb usb2: New USB device strings: Mfr=3, Product=2, SerialNumber=1
Dec 16 14:06:31 localhost kernel: usb usb2: Product: OHCI PCI host controller
Dec 16 14:06:31 localhost kernel: usb usb2: Manufacturer: Linux 6.13.0-thor_kernel-imarushe-g267549b8ce58 ohci_hcd
Dec 16 14:06:31 localhost kernel: usb usb2: SerialNumber: 0000:00:06.0
Dec 16 14:06:31 localhost kernel: hub 2-0:1.0: USB hub found
Dec 16 14:06:31 localhost kernel: hub 2-0:1.0: 12 ports detected
Dec 16 14:06:31 localhost kernel: usbcore: registered new interface driver usblp
Dec 16 14:06:31 localhost kernel: usbcore: registered new interface driver usb-storage
Dec 16 14:06:31 localhost kernel: i8042: PNP: PS/2 Controller [PNP0303:PS2K,PNP0f03:PS2M] at 0x60,0x64 irq 1,12
Dec 16 14:06:31 localhost kernel: serio: i8042 KBD port at 0x60,0x64 irq 1
Dec 16 14:06:31 localhost kernel: serio: i8042 AUX port at 0x60,0x64 irq 12
Dec 16 14:06:31 localhost kernel: input: AT Translated Set 2 keyboard as /devices/platform/i8042/serio0/input/input3
Dec 16 14:06:31 localhost kernel: rtc_cmos rtc_cmos: registered as rtc0
Dec 16 14:06:31 localhost kernel: rtc_cmos rtc_cmos: alarms up to one day, 114 bytes nvram
Dec 16 14:06:31 localhost kernel: device-mapper: ioctl: 4.48.0-ioctl (2023-03-01) initialised: dm-devel@lists.linux.dev
Dec 16 14:06:31 localhost kernel: intel_pstate: CPU model not supported
Dec 16 14:06:31 localhost kernel: hid: raw HID events driver (C) Jiri Kosina
Dec 16 14:06:31 localhost kernel: usbcore: registered new interface driver usbhid
Dec 16 14:06:31 localhost kernel: usbhid: USB HID core driver
Dec 16 14:06:31 localhost kernel: Initializing XFRM netlink socket
Dec 16 14:06:31 localhost kernel: NET: Registered PF_INET6 protocol family
Dec 16 14:06:31 localhost kernel: Segment Routing with IPv6
Dec 16 14:06:31 localhost kernel: In-situ OAM (IOAM) with IPv6
Dec 16 14:06:31 localhost kernel: sit: IPv6, IPv4 and MPLS over IPv4 tunneling driver
Dec 16 14:06:31 localhost kernel: NET: Registered PF_PACKET protocol family
Dec 16 14:06:31 localhost kernel: 9pnet: Installing 9P2000 support
Dec 16 14:06:31 localhost kernel: Key type dns_resolver registered
Dec 16 14:06:31 localhost kernel: input: ImExPS/2 Generic Explorer Mouse as /devices/platform/i8042/serio1/input/input5
Dec 16 14:06:31 localhost kernel: IPI shorthand broadcast: enabled
Dec 16 14:06:31 localhost kernel: sched_clock: Marking stable (712557773, 1322907)->(716067241, -2186561)
Dec 16 14:06:31 localhost kernel: registered taskstats version 1
Dec 16 14:06:31 localhost kernel: Loading compiled-in X.509 certificates
Dec 16 14:06:31 localhost kernel: Demotion targets for Node 0: null
Dec 16 14:06:31 localhost kernel: PM:   Magic number: 4:682:129
Dec 16 14:06:31 localhost kernel: nvmem cmos_nvram0: hash matches
Dec 16 14:06:31 localhost kernel: event_source kprobe: hash matches
Dec 16 14:06:31 localhost kernel: acpi device:04: hash matches
Dec 16 14:06:31 localhost kernel: printk: legacy console [netcon0] enabled
Dec 16 14:06:31 localhost kernel: netconsole: network logging started
Dec 16 14:06:31 localhost kernel: cfg80211: Loading compiled-in X.509 certificates for regulatory database
Dec 16 14:06:31 localhost kernel: kworker/u4:2 (51) used greatest stack depth: 14968 bytes left
Dec 16 14:06:31 localhost kernel: Loaded X.509 cert 'sforshee: 00b28ddf47aef9cea7'
Dec 16 14:06:31 localhost kernel: Loaded X.509 cert 'wens: 61c038651aabdcf94bd0ac7ff06c7248db18c600'
Dec 16 14:06:31 localhost kernel: platform regulatory.0: Direct firmware load for regulatory.db failed with error -2
Dec 16 14:06:31 localhost kernel: cfg80211: failed to load regulatory.db
Dec 16 14:06:31 localhost kernel: ALSA device list:
Dec 16 14:06:31 localhost kernel:   No soundcards found.
Dec 16 14:06:31 localhost kernel: md: Waiting for all devices to be available before autodetect
Dec 16 14:06:31 localhost kernel: md: If you don't use raid, use raid=noautodetect
Dec 16 14:06:31 localhost kernel: md: Autodetecting RAID arrays.
Dec 16 14:06:31 localhost kernel: md: autorun ...
Dec 16 14:06:31 localhost kernel: md: ... autorun DONE.
Dec 16 14:06:31 localhost kernel: EXT4-fs (sda4): mounted filesystem cc4819e0-a697-49be-b1db-cb83e500a1e7 ro with ordered data mode. Quota mode: none.
Dec 16 14:06:31 localhost kernel: VFS: Mounted root (ext4 filesystem) readonly on device 8:4.
Dec 16 14:06:31 localhost kernel: devtmpfs: mounted
Dec 16 14:06:31 localhost kernel: Freeing unused kernel image (initmem) memory: 2740K
Dec 16 14:06:31 localhost kernel: Write protecting the kernel read-only data: 26624k
Dec 16 14:06:31 localhost kernel: Freeing unused kernel image (rodata/data gap) memory: 972K
Dec 16 14:06:31 localhost kernel: x86/mm: Checked W+X mappings: passed, no W+X pages found.
Dec 16 14:06:31 localhost kernel: x86/mm: Checking user space page tables
Dec 16 14:06:31 localhost kernel: x86/mm: Checked W+X mappings: passed, no W+X pages found.
Dec 16 14:06:31 localhost kernel: Run /sbin/init as init process
Dec 16 14:06:31 localhost kernel:   with arguments:
Dec 16 14:06:31 localhost kernel:     /sbin/init
Dec 16 14:06:31 localhost kernel:   with environment:
Dec 16 14:06:31 localhost kernel:     HOME=/
Dec 16 14:06:31 localhost kernel:     TERM=linux
Dec 16 14:06:31 localhost kernel:     BOOT_IMAGE=/vmlinuz-6.13.0-thor_kernel-imarushe
Dec 16 14:06:31 localhost kernel: stty (58) used greatest stack depth: 13488 bytes left
Dec 16 14:06:31 localhost kernel: dmesg (59) used greatest stack depth: 13424 bytes left
Dec 16 14:06:31 localhost kernel: mountpoint (64) used greatest stack depth: 13208 bytes left
Dec 16 14:06:31 localhost kernel: ip (158) used greatest stack depth: 12944 bytes left
Dec 16 14:06:32 localhost kernel: vboxvideo 0000:00:02.0: vgaarb: deactivate vga console
Dec 16 14:06:32 localhost kernel: [drm] VRAM 01000000
Dec 16 14:06:32 localhost kernel: [drm] Initialized vboxvideo 1.0.0 for 0000:00:02.0 on minor 0
Dec 16 14:06:32 localhost kernel: fbcon: vboxvideodrmfb (fb0) is primary device
Dec 16 14:06:32 localhost kernel: vboxvideo 0000:00:02.0: [drm] drm_plane_enable_fb_damage_clips() not called
Dec 16 14:06:32 localhost kernel: Console: switching to colour frame buffer device 100x37
Dec 16 14:06:32 localhost kernel: vboxvideo 0000:00:02.0: [drm] fb0: vboxvideodrmfb frame buffer device
Dec 16 14:06:32 localhost kernel: Adding 2097148k swap on /dev/sda3.  Priority:1 extents:1 across:2097148k 
Dec 16 14:06:32 localhost kernel: EXT4-fs (sda4): re-mounted cc4819e0-a697-49be-b1db-cb83e500a1e7 ro. Quota mode: none.
Dec 16 14:06:32 localhost kernel: EXT4-fs (sda4): re-mounted cc4819e0-a697-49be-b1db-cb83e500a1e7 r/w. Quota mode: none.
Dec 16 14:06:32 localhost kernel: EXT4-fs (sda2): mounted filesystem ac02f03e-c7af-4a98-9b53-835d2b3baf4b r/w with ordered data mode. Quota mode: none.
Dec 16 14:06:33 localhost kernel: rc (57) used greatest stack depth: 12856 bytes left
Dec 16 14:06:36 localhost kernel: e1000: eth0 NIC Link is Up 1000 Mbps Full Duplex, Flow Control: RX
Dec 16 14:06:38 localhost kernel: (udev-worker) (203) used greatest stack depth: 12680 bytes left
